<html>
<body>
<pre>
<h1>µVision Build Log</h1>
<h2>Tool Versions:</h2>
IDE-Version: ¦ÌVision V5.14.0.0
Copyright (C) 2015 ARM Ltd and ARM Germany GmbH. All rights reserved.
License Information: PC PC, PC, LIC=----
 
Tool Versions:
Toolchain:       MDK-Lite  Version: 5.14.0.0
Toolchain Path:  C:\Keil_v5\ARM\ARMCC\Bin
C Compiler:      Armcc.exe V5.05 update 1 (build 106)
Assembler:       Armasm.exe V5.05 update 1 (build 106)
Linker/Locator:  ArmLink.exe V5.05 update 1 (build 106)
Library Manager: ArmAr.exe V5.05 update 1 (build 106)
Hex Converter:   FromElf.exe V5.05 update 1 (build 106)
CPU DLL:         SARMCM3.DLL V5.14.0.0
Dialog DLL:      DCM.DLL V1.13.1.0
Target DLL:      Segger\JL2CM3.dll V2.99.13.0
Dialog DLL:      TCM.DLL V1.14.4.0
 
<h2>Project:</h2>
D:\stm32\GD32F403_Demo_Suites_V2.1.1\GD32403Z_EVAL_Demo_Suites\Projects\01_GPIO_Running_LED\MDK-ARM\Project.uvproj
Project File Date:  07/19/2022

<h2>Output:</h2>
Build target 'GD32403Z_EVAL'
compiling main.c...
compiling gd32f403_it.c...
compiling systick.c...
compiling system_gd32f403.c...
compiling gd32f403_adc.c...
compiling gd32f403_bkp.c...
compiling gd32f403_can.c...
compiling gd32f403_crc.c...
compiling gd32f403_ctc.c...
compiling gd32f403_dac.c...
compiling gd32f403_dbg.c...
compiling gd32f403_dma.c...
compiling gd32f403_exmc.c...
compiling gd32f403_exti.c...
compiling gd32f403_fmc.c...
compiling gd32f403_fwdgt.c...
compiling gd32f403_gpio.c...
compiling gd32f403_i2c.c...
compiling gd32f403_misc.c...
compiling gd32f403_pmu.c...
compiling gd32f403_rcu.c...
compiling gd32f403_rtc.c...
compiling gd32f403_sdio.c...
compiling gd32f403_spi.c...
compiling gd32f403_timer.c...
compiling gd32f403_usart.c...
compiling gd32f403_wwdgt.c...
compiling gd32f403z_eval.c...
assembling startup_gd32f403.s...
linking...
Program Size: Code=1232 RO-data=368 RW-data=8 ZI-data=1024  
".\output\Project.axf" - 0 Error(s), 0 Warning(s).
</pre>
</body>
</html>
